// Jest Snapshot v1, https://goo.gl/fbAQLP

exports[`Profiles Container renders profiles 1`] = `
ShallowWrapper {
  "complexSelector": ComplexSelector {
    "buildPredicate": [Function],
    "childrenOfNode": [Function],
    "findWhereUnwrapped": [Function],
  },
  "length": 1,
  "node": <Connect(Page)>
    <div
        className="profiles"
    >
        <ProfileCard
            handleRoute={[Function]}
            profile={
                Object {
                    "currentProject": "Duis in nunc ultrices, viverra lorem sed, suscipit mauris. Nullam maximus, sapien non facilisis mattis, magna ex sodales ipsum, eget tristique sapien ante quis libero. Praesent pretium velit ac odio egestas fringilla. Cras nec tortor dignissim, efficitur ligula nec, imperdiet odio. Etiam in augue felis. Duis iaculis placerat vulputate. Aliquam in mauris tempor risus egestas blandit ac ut lacus.",
                    "education": Array [
                      Object {
                        "degree": "Bachelors of Engineering: Mechanical",
                        "school": "Carnegie Mellon University",
                      },
                      Object {
                        "degree": "Masters of Engineering: Mechanical",
                        "school": "Carnegie Mellon University",
                      },
                      Object {
                        "degree": "Docterates of Engineering: Mechanical",
                        "school": "Massachusetts Institute of Technology",
                      },
                    ],
                    "location": "Boston",
                    "name": "Sven Motorson",
                    "photo": "http://lorempixel.com/160/160/",
                    "userId": 123,
                    "wikis": Array [
                      Object {
                        "title": "Engine",
                        "uriParam": "engine",
                      },
                      Object {
                        "title": "Electric motor",
                        "uriParam": "Electric_motor",
                      },
                    ],
                  }
            }
        />
        <ProfileCard
            handleRoute={[Function]}
            profile={
                Object {
                    "currentProject": "In mattis arcu arcu, convallis volutpat eros consequat vitae. Pellentesque ultricies vulputate magna nec facilisis. Nullam consectetur risus orci, tincidunt molestie libero tempus eu. Vivamus a mauris vel nunc gravida laoreet finibus eu erat. Vestibulum sollicitudin volutpat nisl ac rhoncus. Nulla volutpat elit nec ante molestie, lacinia egestas neque molestie. Nulla nulla purus, ornare non vehicula at, blandit vel purus. Vivamus vitae ipsum id dui porttitor malesuada aliquam quis lacus. Cras quam nisi, finibus ac tellus quis, lobortis convallis nisl. Mauris viverra imperdiet placerat. Ut in eros sit amet ligula viverra luctus. Etiam ultrices ultricies pellentesque. Fusce malesuada vehicula egestas. Orci varius natoque penatibus et magnis dis parturient montes, nascetur ridiculus mus.",
                    "education": Array [
                      Object {
                        "degree": "Bachelors of Science: Biomedical Science",
                        "school": "Rutgers University",
                      },
                      Object {
                        "degree": "Masters of Science: Biomedical Science",
                        "school": "Rutgers University",
                      },
                      Object {
                        "degree": "Docterates of Science: Biomedical Science",
                        "school": "Johns Hopkins University",
                      },
                    ],
                    "location": "Baltimore",
                    "name": "Alice Mendelson",
                    "photo": "http://lorempixel.com/160/160/",
                    "userId": 456,
                    "wikis": Array [],
                  }
            }
        />
    </div>
</Connect(Page)>,
  "nodes": Array [
    <Connect(Page)>
      <div
            className="profiles"
      >
            <ProfileCard
                  handleRoute={[Function]}
                  profile={
                        Object {
                              "currentProject": "Duis in nunc ultrices, viverra lorem sed, suscipit mauris. Nullam maximus, sapien non facilisis mattis, magna ex sodales ipsum, eget tristique sapien ante quis libero. Praesent pretium velit ac odio egestas fringilla. Cras nec tortor dignissim, efficitur ligula nec, imperdiet odio. Etiam in augue felis. Duis iaculis placerat vulputate. Aliquam in mauris tempor risus egestas blandit ac ut lacus.",
                              "education": Array [
                                Object {
                                  "degree": "Bachelors of Engineering: Mechanical",
                                  "school": "Carnegie Mellon University",
                                },
                                Object {
                                  "degree": "Masters of Engineering: Mechanical",
                                  "school": "Carnegie Mellon University",
                                },
                                Object {
                                  "degree": "Docterates of Engineering: Mechanical",
                                  "school": "Massachusetts Institute of Technology",
                                },
                              ],
                              "location": "Boston",
                              "name": "Sven Motorson",
                              "photo": "http://lorempixel.com/160/160/",
                              "userId": 123,
                              "wikis": Array [
                                Object {
                                  "title": "Engine",
                                  "uriParam": "engine",
                                },
                                Object {
                                  "title": "Electric motor",
                                  "uriParam": "Electric_motor",
                                },
                              ],
                            }
                  }
            />
            <ProfileCard
                  handleRoute={[Function]}
                  profile={
                        Object {
                              "currentProject": "In mattis arcu arcu, convallis volutpat eros consequat vitae. Pellentesque ultricies vulputate magna nec facilisis. Nullam consectetur risus orci, tincidunt molestie libero tempus eu. Vivamus a mauris vel nunc gravida laoreet finibus eu erat. Vestibulum sollicitudin volutpat nisl ac rhoncus. Nulla volutpat elit nec ante molestie, lacinia egestas neque molestie. Nulla nulla purus, ornare non vehicula at, blandit vel purus. Vivamus vitae ipsum id dui porttitor malesuada aliquam quis lacus. Cras quam nisi, finibus ac tellus quis, lobortis convallis nisl. Mauris viverra imperdiet placerat. Ut in eros sit amet ligula viverra luctus. Etiam ultrices ultricies pellentesque. Fusce malesuada vehicula egestas. Orci varius natoque penatibus et magnis dis parturient montes, nascetur ridiculus mus.",
                              "education": Array [
                                Object {
                                  "degree": "Bachelors of Science: Biomedical Science",
                                  "school": "Rutgers University",
                                },
                                Object {
                                  "degree": "Masters of Science: Biomedical Science",
                                  "school": "Rutgers University",
                                },
                                Object {
                                  "degree": "Docterates of Science: Biomedical Science",
                                  "school": "Johns Hopkins University",
                                },
                              ],
                              "location": "Baltimore",
                              "name": "Alice Mendelson",
                              "photo": "http://lorempixel.com/160/160/",
                              "userId": 456,
                              "wikis": Array [],
                            }
                  }
            />
      </div>
</Connect(Page)>,
  ],
  "options": Object {},
  "renderer": ReactShallowRenderer {
    "_instance": ShallowComponentWrapper {
      "_calledComponentWillUnmount": false,
      "_compositeType": 0,
      "_context": Object {},
      "_currentElement": <Profiles
        profiles={
                Array [
                        Object {
                          "currentProject": "Duis in nunc ultrices, viverra lorem sed, suscipit mauris. Nullam maximus, sapien non facilisis mattis, magna ex sodales ipsum, eget tristique sapien ante quis libero. Praesent pretium velit ac odio egestas fringilla. Cras nec tortor dignissim, efficitur ligula nec, imperdiet odio. Etiam in augue felis. Duis iaculis placerat vulputate. Aliquam in mauris tempor risus egestas blandit ac ut lacus.",
                          "education": Array [
                            Object {
                              "degree": "Bachelors of Engineering: Mechanical",
                              "school": "Carnegie Mellon University",
                            },
                            Object {
                              "degree": "Masters of Engineering: Mechanical",
                              "school": "Carnegie Mellon University",
                            },
                            Object {
                              "degree": "Docterates of Engineering: Mechanical",
                              "school": "Massachusetts Institute of Technology",
                            },
                          ],
                          "location": "Boston",
                          "name": "Sven Motorson",
                          "photo": "http://lorempixel.com/160/160/",
                          "userId": 123,
                          "wikis": Array [
                            Object {
                              "title": "Engine",
                              "uriParam": "engine",
                            },
                            Object {
                              "title": "Electric motor",
                              "uriParam": "Electric_motor",
                            },
                          ],
                        },
                        Object {
                          "currentProject": "In mattis arcu arcu, convallis volutpat eros consequat vitae. Pellentesque ultricies vulputate magna nec facilisis. Nullam consectetur risus orci, tincidunt molestie libero tempus eu. Vivamus a mauris vel nunc gravida laoreet finibus eu erat. Vestibulum sollicitudin volutpat nisl ac rhoncus. Nulla volutpat elit nec ante molestie, lacinia egestas neque molestie. Nulla nulla purus, ornare non vehicula at, blandit vel purus. Vivamus vitae ipsum id dui porttitor malesuada aliquam quis lacus. Cras quam nisi, finibus ac tellus quis, lobortis convallis nisl. Mauris viverra imperdiet placerat. Ut in eros sit amet ligula viverra luctus. Etiam ultrices ultricies pellentesque. Fusce malesuada vehicula egestas. Orci varius natoque penatibus et magnis dis parturient montes, nascetur ridiculus mus.",
                          "education": Array [
                            Object {
                              "degree": "Bachelors of Science: Biomedical Science",
                              "school": "Rutgers University",
                            },
                            Object {
                              "degree": "Masters of Science: Biomedical Science",
                              "school": "Rutgers University",
                            },
                            Object {
                              "degree": "Docterates of Science: Biomedical Science",
                              "school": "Johns Hopkins University",
                            },
                          ],
                          "location": "Baltimore",
                          "name": "Alice Mendelson",
                          "photo": "http://lorempixel.com/160/160/",
                          "userId": 456,
                          "wikis": Array [],
                        },
                      ]
        }
        push={[Function]}
/>,
      "_debugID": 1,
      "_hostContainerInfo": null,
      "_hostParent": null,
      "_instance": Profiles {
        "_reactInternalInstance": [Circular],
        "context": Object {},
        "props": Object {
          "profiles": Array [
            Object {
              "currentProject": "Duis in nunc ultrices, viverra lorem sed, suscipit mauris. Nullam maximus, sapien non facilisis mattis, magna ex sodales ipsum, eget tristique sapien ante quis libero. Praesent pretium velit ac odio egestas fringilla. Cras nec tortor dignissim, efficitur ligula nec, imperdiet odio. Etiam in augue felis. Duis iaculis placerat vulputate. Aliquam in mauris tempor risus egestas blandit ac ut lacus.",
              "education": Array [
                Object {
                  "degree": "Bachelors of Engineering: Mechanical",
                  "school": "Carnegie Mellon University",
                },
                Object {
                  "degree": "Masters of Engineering: Mechanical",
                  "school": "Carnegie Mellon University",
                },
                Object {
                  "degree": "Docterates of Engineering: Mechanical",
                  "school": "Massachusetts Institute of Technology",
                },
              ],
              "location": "Boston",
              "name": "Sven Motorson",
              "photo": "http://lorempixel.com/160/160/",
              "userId": 123,
              "wikis": Array [
                Object {
                  "title": "Engine",
                  "uriParam": "engine",
                },
                Object {
                  "title": "Electric motor",
                  "uriParam": "Electric_motor",
                },
              ],
            },
            Object {
              "currentProject": "In mattis arcu arcu, convallis volutpat eros consequat vitae. Pellentesque ultricies vulputate magna nec facilisis. Nullam consectetur risus orci, tincidunt molestie libero tempus eu. Vivamus a mauris vel nunc gravida laoreet finibus eu erat. Vestibulum sollicitudin volutpat nisl ac rhoncus. Nulla volutpat elit nec ante molestie, lacinia egestas neque molestie. Nulla nulla purus, ornare non vehicula at, blandit vel purus. Vivamus vitae ipsum id dui porttitor malesuada aliquam quis lacus. Cras quam nisi, finibus ac tellus quis, lobortis convallis nisl. Mauris viverra imperdiet placerat. Ut in eros sit amet ligula viverra luctus. Etiam ultrices ultricies pellentesque. Fusce malesuada vehicula egestas. Orci varius natoque penatibus et magnis dis parturient montes, nascetur ridiculus mus.",
              "education": Array [
                Object {
                  "degree": "Bachelors of Science: Biomedical Science",
                  "school": "Rutgers University",
                },
                Object {
                  "degree": "Masters of Science: Biomedical Science",
                  "school": "Rutgers University",
                },
                Object {
                  "degree": "Docterates of Science: Biomedical Science",
                  "school": "Johns Hopkins University",
                },
              ],
              "location": "Baltimore",
              "name": "Alice Mendelson",
              "photo": "http://lorempixel.com/160/160/",
              "userId": 456,
              "wikis": Array [],
            },
          ],
          "push": [Function],
        },
        "refs": Object {},
        "state": null,
        "updater": Object {
          "enqueueCallback": [Function],
          "enqueueCallbackInternal": [Function],
          "enqueueElementInternal": [Function],
          "enqueueForceUpdate": [Function],
          "enqueueReplaceState": [Function],
          "enqueueSetState": [Function],
          "isMounted": [Function],
          "validateCallback": [Function],
        },
      },
      "_mountOrder": 1,
      "_pendingCallbacks": null,
      "_pendingElement": null,
      "_pendingForceUpdate": false,
      "_pendingReplaceState": false,
      "_pendingStateQueue": null,
      "_renderedComponent": NoopInternalComponent {
        "_currentElement": <Connect(Page)>
          <div
                    className="profiles"
          >
                    <ProfileCard
                              handleRoute={[Function]}
                              profile={
                                        Object {
                                                  "currentProject": "Duis in nunc ultrices, viverra lorem sed, suscipit mauris. Nullam maximus, sapien non facilisis mattis, magna ex sodales ipsum, eget tristique sapien ante quis libero. Praesent pretium velit ac odio egestas fringilla. Cras nec tortor dignissim, efficitur ligula nec, imperdiet odio. Etiam in augue felis. Duis iaculis placerat vulputate. Aliquam in mauris tempor risus egestas blandit ac ut lacus.",
                                                  "education": Array [
                                                    Object {
                                                      "degree": "Bachelors of Engineering: Mechanical",
                                                      "school": "Carnegie Mellon University",
                                                    },
                                                    Object {
                                                      "degree": "Masters of Engineering: Mechanical",
                                                      "school": "Carnegie Mellon University",
                                                    },
                                                    Object {
                                                      "degree": "Docterates of Engineering: Mechanical",
                                                      "school": "Massachusetts Institute of Technology",
                                                    },
                                                  ],
                                                  "location": "Boston",
                                                  "name": "Sven Motorson",
                                                  "photo": "http://lorempixel.com/160/160/",
                                                  "userId": 123,
                                                  "wikis": Array [
                                                    Object {
                                                      "title": "Engine",
                                                      "uriParam": "engine",
                                                    },
                                                    Object {
                                                      "title": "Electric motor",
                                                      "uriParam": "Electric_motor",
                                                    },
                                                  ],
                                                }
                              }
                    />
                    <ProfileCard
                              handleRoute={[Function]}
                              profile={
                                        Object {
                                                  "currentProject": "In mattis arcu arcu, convallis volutpat eros consequat vitae. Pellentesque ultricies vulputate magna nec facilisis. Nullam consectetur risus orci, tincidunt molestie libero tempus eu. Vivamus a mauris vel nunc gravida laoreet finibus eu erat. Vestibulum sollicitudin volutpat nisl ac rhoncus. Nulla volutpat elit nec ante molestie, lacinia egestas neque molestie. Nulla nulla purus, ornare non vehicula at, blandit vel purus. Vivamus vitae ipsum id dui porttitor malesuada aliquam quis lacus. Cras quam nisi, finibus ac tellus quis, lobortis convallis nisl. Mauris viverra imperdiet placerat. Ut in eros sit amet ligula viverra luctus. Etiam ultrices ultricies pellentesque. Fusce malesuada vehicula egestas. Orci varius natoque penatibus et magnis dis parturient montes, nascetur ridiculus mus.",
                                                  "education": Array [
                                                    Object {
                                                      "degree": "Bachelors of Science: Biomedical Science",
                                                      "school": "Rutgers University",
                                                    },
                                                    Object {
                                                      "degree": "Masters of Science: Biomedical Science",
                                                      "school": "Rutgers University",
                                                    },
                                                    Object {
                                                      "degree": "Docterates of Science: Biomedical Science",
                                                      "school": "Johns Hopkins University",
                                                    },
                                                  ],
                                                  "location": "Baltimore",
                                                  "name": "Alice Mendelson",
                                                  "photo": "http://lorempixel.com/160/160/",
                                                  "userId": 456,
                                                  "wikis": Array [],
                                                }
                              }
                    />
          </div>
</Connect(Page)>,
        "_debugID": 2,
        "_renderedOutput": <Connect(Page)>
          <div
                    className="profiles"
          >
                    <ProfileCard
                              handleRoute={[Function]}
                              profile={
                                        Object {
                                                  "currentProject": "Duis in nunc ultrices, viverra lorem sed, suscipit mauris. Nullam maximus, sapien non facilisis mattis, magna ex sodales ipsum, eget tristique sapien ante quis libero. Praesent pretium velit ac odio egestas fringilla. Cras nec tortor dignissim, efficitur ligula nec, imperdiet odio. Etiam in augue felis. Duis iaculis placerat vulputate. Aliquam in mauris tempor risus egestas blandit ac ut lacus.",
                                                  "education": Array [
                                                    Object {
                                                      "degree": "Bachelors of Engineering: Mechanical",
                                                      "school": "Carnegie Mellon University",
                                                    },
                                                    Object {
                                                      "degree": "Masters of Engineering: Mechanical",
                                                      "school": "Carnegie Mellon University",
                                                    },
                                                    Object {
                                                      "degree": "Docterates of Engineering: Mechanical",
                                                      "school": "Massachusetts Institute of Technology",
                                                    },
                                                  ],
                                                  "location": "Boston",
                                                  "name": "Sven Motorson",
                                                  "photo": "http://lorempixel.com/160/160/",
                                                  "userId": 123,
                                                  "wikis": Array [
                                                    Object {
                                                      "title": "Engine",
                                                      "uriParam": "engine",
                                                    },
                                                    Object {
                                                      "title": "Electric motor",
                                                      "uriParam": "Electric_motor",
                                                    },
                                                  ],
                                                }
                              }
                    />
                    <ProfileCard
                              handleRoute={[Function]}
                              profile={
                                        Object {
                                                  "currentProject": "In mattis arcu arcu, convallis volutpat eros consequat vitae. Pellentesque ultricies vulputate magna nec facilisis. Nullam consectetur risus orci, tincidunt molestie libero tempus eu. Vivamus a mauris vel nunc gravida laoreet finibus eu erat. Vestibulum sollicitudin volutpat nisl ac rhoncus. Nulla volutpat elit nec ante molestie, lacinia egestas neque molestie. Nulla nulla purus, ornare non vehicula at, blandit vel purus. Vivamus vitae ipsum id dui porttitor malesuada aliquam quis lacus. Cras quam nisi, finibus ac tellus quis, lobortis convallis nisl. Mauris viverra imperdiet placerat. Ut in eros sit amet ligula viverra luctus. Etiam ultrices ultricies pellentesque. Fusce malesuada vehicula egestas. Orci varius natoque penatibus et magnis dis parturient montes, nascetur ridiculus mus.",
                                                  "education": Array [
                                                    Object {
                                                      "degree": "Bachelors of Science: Biomedical Science",
                                                      "school": "Rutgers University",
                                                    },
                                                    Object {
                                                      "degree": "Masters of Science: Biomedical Science",
                                                      "school": "Rutgers University",
                                                    },
                                                    Object {
                                                      "degree": "Docterates of Science: Biomedical Science",
                                                      "school": "Johns Hopkins University",
                                                    },
                                                  ],
                                                  "location": "Baltimore",
                                                  "name": "Alice Mendelson",
                                                  "photo": "http://lorempixel.com/160/160/",
                                                  "userId": 456,
                                                  "wikis": Array [],
                                                }
                              }
                    />
          </div>
</Connect(Page)>,
      },
      "_renderedNodeType": 1,
      "_rootNodeID": 0,
      "_topLevelWrapper": null,
      "_updateBatchNumber": null,
      "_warnedAboutRefsInRender": false,
    },
    "getRenderOutput": [Function],
    "render": [Function],
  },
  "root": [Circular],
  "unrendered": <Profiles
    profiles={
        Array [
            Object {
              "currentProject": "Duis in nunc ultrices, viverra lorem sed, suscipit mauris. Nullam maximus, sapien non facilisis mattis, magna ex sodales ipsum, eget tristique sapien ante quis libero. Praesent pretium velit ac odio egestas fringilla. Cras nec tortor dignissim, efficitur ligula nec, imperdiet odio. Etiam in augue felis. Duis iaculis placerat vulputate. Aliquam in mauris tempor risus egestas blandit ac ut lacus.",
              "education": Array [
                Object {
                  "degree": "Bachelors of Engineering: Mechanical",
                  "school": "Carnegie Mellon University",
                },
                Object {
                  "degree": "Masters of Engineering: Mechanical",
                  "school": "Carnegie Mellon University",
                },
                Object {
                  "degree": "Docterates of Engineering: Mechanical",
                  "school": "Massachusetts Institute of Technology",
                },
              ],
              "location": "Boston",
              "name": "Sven Motorson",
              "photo": "http://lorempixel.com/160/160/",
              "userId": 123,
              "wikis": Array [
                Object {
                  "title": "Engine",
                  "uriParam": "engine",
                },
                Object {
                  "title": "Electric motor",
                  "uriParam": "Electric_motor",
                },
              ],
            },
            Object {
              "currentProject": "In mattis arcu arcu, convallis volutpat eros consequat vitae. Pellentesque ultricies vulputate magna nec facilisis. Nullam consectetur risus orci, tincidunt molestie libero tempus eu. Vivamus a mauris vel nunc gravida laoreet finibus eu erat. Vestibulum sollicitudin volutpat nisl ac rhoncus. Nulla volutpat elit nec ante molestie, lacinia egestas neque molestie. Nulla nulla purus, ornare non vehicula at, blandit vel purus. Vivamus vitae ipsum id dui porttitor malesuada aliquam quis lacus. Cras quam nisi, finibus ac tellus quis, lobortis convallis nisl. Mauris viverra imperdiet placerat. Ut in eros sit amet ligula viverra luctus. Etiam ultrices ultricies pellentesque. Fusce malesuada vehicula egestas. Orci varius natoque penatibus et magnis dis parturient montes, nascetur ridiculus mus.",
              "education": Array [
                Object {
                  "degree": "Bachelors of Science: Biomedical Science",
                  "school": "Rutgers University",
                },
                Object {
                  "degree": "Masters of Science: Biomedical Science",
                  "school": "Rutgers University",
                },
                Object {
                  "degree": "Docterates of Science: Biomedical Science",
                  "school": "Johns Hopkins University",
                },
              ],
              "location": "Baltimore",
              "name": "Alice Mendelson",
              "photo": "http://lorempixel.com/160/160/",
              "userId": 456,
              "wikis": Array [],
            },
          ]
    }
    push={[Function]}
/>,
}
`;
